// Vitest Snapshot v1, https://vitest.dev/guide/snapshot.html

exports[`components/HelloWorld.vue > HelloWorld 1`] = `
"<h1 data-v-e17ea971=\\"\\">Hello Tester</h1>
<p data-v-e17ea971=\\"\\"> Recommended IDE setup: <a href=\\"https://code.visualstudio.com/\\" target=\\"_blank\\" data-v-e17ea971=\\"\\">VSCode</a> + <a href=\\"https://marketplace.visualstudio.com/items?itemName=octref.vetur\\" target=\\"_blank\\" data-v-e17ea971=\\"\\">Vetur</a> or <a href=\\"https://github.com/johnsoncodehk/volar\\" target=\\"_blank\\" data-v-e17ea971=\\"\\">Volar</a> (if using <code data-v-e17ea971=\\"\\">&lt;script setup&gt;</code> ) </p>
<p data-v-e17ea971=\\"\\"> See <code data-v-e17ea971=\\"\\">README.md</code> for more information. </p>
<p data-v-e17ea971=\\"\\"><a href=\\"https://vitejs.dev/guide/features.html\\" target=\\"_blank\\" data-v-e17ea971=\\"\\">Vite Docs</a> | <a href=\\"https://v3.vuejs.org/\\" target=\\"_blank\\" data-v-e17ea971=\\"\\">Vue 3 Docs</a></p>
<button data-v-e17ea971=\\"\\" type=\\"button\\" class=\\"px-5 py-2 bg-blue-500 border border-blue-700 rounded-sm hover:bg-blue-600 text-white my-10\\"> count is: 0</button>
<p data-v-e17ea971=\\"\\"> Edit <code data-v-e17ea971=\\"\\">components/HelloWorld.vue</code> to test hot module replacement. </p>"
`;
